-- Check for collation support
CREATE SCHEMA collate_schema;
SET SESSION search_path = 'collate_schema';
CREATE EXTENSION orioledb;
CREATE TABLE o_collate (
	t text COLLATE "en-x-icu" NOT NULL,
	PRIMARY KEY(t)
) USING orioledb;
ERROR:  collation "en-x-icu" for encoding "UTF8" does not exist
LINE 2:  t text COLLATE "en-x-icu" NOT NULL,
                ^
DROP TABLE IF EXISTS o_collate;
NOTICE:  table "o_collate" does not exist, skipping
CREATE TABLE o_collate (
	t text COLLATE "POSIX" NOT NULL,
	PRIMARY KEY(t)
) USING orioledb;
DROP TABLE IF EXISTS o_collate;
CREATE TABLE o_collate (
	t text COLLATE "C" NOT NULL,
	PRIMARY KEY(t)
) USING orioledb;
CREATE UNIQUE INDEX o_collate_idx_c on o_collate(t COLLATE "C");
CREATE UNIQUE INDEX o_collate_idx_posix on o_collate(t COLLATE "POSIX");
CREATE UNIQUE INDEX o_collate_idx_icu on o_collate(t COLLATE "en-x-icu");
ERROR:  collation "en-x-icu" for encoding "UTF8" does not exist
INSERT INTO o_collate VALUES ('x'), ('X'), ('y'), ('Y'), ('z'), ('Z');
ANALYZE o_collate;
SET enable_seqscan = OFF;
SELECT * FROM o_collate;
 t 
---
 X
 Y
 Z
 x
 y
 z
(6 rows)

EXPLAIN (COSTS off) SELECT * FROM o_collate WHERE t >= 'y';
                  QUERY PLAN                   
-----------------------------------------------
 Custom Scan (o_scan) on o_collate
   Forward index only scan of: o_collate_idx_c
   Conds: (t >= 'y'::text)
(3 rows)

SELECT * FROM o_collate WHERE t >= 'y';
 t 
---
 y
 z
(2 rows)

EXPLAIN (COSTS off) SELECT * FROM o_collate WHERE t >= 'y' COLLATE "C";
                  QUERY PLAN                   
-----------------------------------------------
 Custom Scan (o_scan) on o_collate
   Forward index only scan of: o_collate_idx_c
   Conds: (t >= 'y'::text COLLATE "C")
(3 rows)

SELECT * FROM o_collate WHERE t >= 'y' COLLATE "C";
 t 
---
 y
 z
(2 rows)

EXPLAIN (COSTS off) SELECT * FROM o_collate WHERE t >= 'y' COLLATE "POSIX";
                    QUERY PLAN                     
---------------------------------------------------
 Custom Scan (o_scan) on o_collate
   Forward index only scan of: o_collate_idx_posix
   Conds: (t >= 'y'::text COLLATE "POSIX")
(3 rows)

SELECT * FROM o_collate WHERE t >= 'y' COLLATE "POSIX";
 t 
---
 y
 z
(2 rows)

EXPLAIN (COSTS off) SELECT * FROM o_collate WHERE t >= 'y' COLLATE "en-x-icu";
ERROR:  collation "en-x-icu" for encoding "UTF8" does not exist
LINE 1: ...COSTS off) SELECT * FROM o_collate WHERE t >= 'y' COLLATE "e...
                                                             ^
SELECT * FROM o_collate WHERE t >= 'y' COLLATE "en-x-icu";
ERROR:  collation "en-x-icu" for encoding "UTF8" does not exist
LINE 1: SELECT * FROM o_collate WHERE t >= 'y' COLLATE "en-x-icu";
                                               ^
DROP EXTENSION orioledb CASCADE;
NOTICE:  drop cascades to table o_collate
DROP SCHEMA collate_schema CASCADE;
RESET search_path;
